src/components/Profile.tsx(27,10): error TS2305: Module '"./profile/FriendsTab"' has no exported member 'FriendsTab'.
src/components/Profile.tsx(28,10): error TS2459: Module '"./profile/AdminTab"' declares 'AdminTab' locally, but it is not exported.
src/components/Profile.tsx(186,20): error TS2304: Cannot find name 'UserIcon'.
src/components/Profile.tsx(258,24): error TS2304: Cannot find name 'getLevelFromXp'.
src/components/Profile.tsx(271,60): error TS2304: Cannot find name 'UserIcon'.
src/components/Profile.tsx(273,59): error TS2304: Cannot find name 'Star'.
src/components/Profile.tsx(274,55): error TS2304: Cannot find name 'UserIcon'.
src/components/Profile.tsx(276,24): error TS2339: Property 'role' does not exist on type 'User'.
src/components/Profile.tsx(305,42): error TS2741: Property 'items' is missing in type '{ user: User; token: string; onUpdateUser: (user: User) => void; playSound: (soundKey: string, overridePack?: string | undefined) => void; handleEquip: () => Promise<void>; playPreview: (item: CosmeticItem) => void; playingItemId: string | null; }' but required in type 'InventoryProps'.
